// Jest Snapshot v1, https://goo.gl/fbAQLP

exports[`renders correctly 1`] = `
<div
  className="d-lg-flex justify-content-evenly"
>
  <div
    className="fs-2 mb-4"
  >
    Let's do some math !
  </div>
  <div
    className="d-flex"
  >
    <div
      className="app"
    >
      <div
        className="display"
      >
        0
      </div>
      <div
        className="row"
      >
        <button
          className="button"
          onClick={[Function]}
          onContextMenu={[Function]}
          type="button"
        >
          AC
        </button>
        <button
          className="button"
          onClick={[Function]}
          onContextMenu={[Function]}
          type="button"
        >
          +/-
        </button>
        <button
          className="button"
          onClick={[Function]}
          onContextMenu={[Function]}
          type="button"
        >
          %
        </button>
        <button
          className="button"
          onClick={[Function]}
          onContextMenu={[Function]}
          type="button"
        >
          รท
        </button>
      </div>
      <div
        className="row"
      >
        <button
          className="button"
          onClick={[Function]}
          onContextMenu={[Function]}
          type="button"
        >
          7
        </button>
        <button
          className="button"
          onClick={[Function]}
          onContextMenu={[Function]}
          type="button"
        >
          8
        </button>
        <button
          className="button"
          onClick={[Function]}
          onContextMenu={[Function]}
          type="button"
        >
          9
        </button>
        <button
          className="button"
          onClick={[Function]}
          onContextMenu={[Function]}
          type="button"
        >
          x
        </button>
      </div>
      <div
        className="row"
      >
        <button
          className="button"
          onClick={[Function]}
          onContextMenu={[Function]}
          type="button"
        >
          4
        </button>
        <button
          className="button"
          onClick={[Function]}
          onContextMenu={[Function]}
          type="button"
        >
          5
        </button>
        <button
          className="button"
          onClick={[Function]}
          onContextMenu={[Function]}
          type="button"
        >
          6
        </button>
        <button
          className="button"
          onClick={[Function]}
          onContextMenu={[Function]}
          type="button"
        >
          -
        </button>
      </div>
      <div
        className="row"
      >
        <button
          className="button"
          onClick={[Function]}
          onContextMenu={[Function]}
          type="button"
        >
          1
        </button>
        <button
          className="button"
          onClick={[Function]}
          onContextMenu={[Function]}
          type="button"
        >
          2
        </button>
        <button
          className="button"
          onClick={[Function]}
          onContextMenu={[Function]}
          type="button"
        >
          3
        </button>
        <button
          className="button"
          onClick={[Function]}
          onContextMenu={[Function]}
          type="button"
        >
          +
        </button>
      </div>
      <div
        className="row"
      >
        <button
          className="button"
          onClick={[Function]}
          onContextMenu={[Function]}
          type="button"
        >
          0
        </button>
        <button
          className="button"
          onClick={[Function]}
          onContextMenu={[Function]}
          type="button"
        >
          .
        </button>
        <button
          className="button button--last"
          onClick={[Function]}
          onContextMenu={[Function]}
          type="button"
        >
          =
        </button>
      </div>
    </div>
  </div>
</div>
`;
