// Jest Snapshot v1, https://goo.gl/fbAQLP

exports[`renders correctly 1`] = `
Array [
  <hr />,
  <h2
    className="text-center"
  >
    Mathematics is not about numbers, equations, computations, or algorithms: it is about understanding. â€“William Paul Thurston
  </h2>,
  <hr />,
]
`;
